// Jest Snapshot v1, https://goo.gl/fbAQLP

exports[`render() with image 1`] = `
<div
  className="jsx-1807206759 root"
>
  <JSXStyle
    css=".root.jsx-1807206759{position:relative;display:-webkit-box;display:-webkit-flex;display:-ms-flexbox;display:flex;-webkit-align-items:center;-webkit-box-align:center;-ms-flex-align:center;align-items:center;-webkit-box-pack:center;-webkit-justify-content:center;-ms-flex-pack:center;justify-content:center;height:50px;width:50px;min-width:50px;overflow:hidden;border:1px solid rgba(6,47,73,0.1);border-radius:4px;background-color:#f5f8fb;}.root.jsx-1807206759 .image-spinner{width:100%;height:100%;}.root.jsx-1807206759 .image{position:relative;z-index:2;max-height:100%;max-width:100%;}"
    styleId="1807206759"
  />
  <PreloadingImage
    imageAlt="dummy image name"
    imageClass="image"
    spinSize="small"
    src="dummy picture url"
    wrapperClass="image-spinner"
  />
  <img
    className="jsx-1807206759 app-image-blur"
    src="dummy picture url"
  />
</div>
`;

exports[`render() without image 1`] = `
<div
  className="jsx-1807206759 root"
>
  <JSXStyle
    css=".root.jsx-1807206759{position:relative;display:-webkit-box;display:-webkit-flex;display:-ms-flexbox;display:flex;-webkit-align-items:center;-webkit-box-align:center;-ms-flex-align:center;align-items:center;-webkit-box-pack:center;-webkit-justify-content:center;-ms-flex-pack:center;justify-content:center;height:50px;width:50px;min-width:50px;overflow:hidden;border:1px solid rgba(6,47,73,0.1);border-radius:4px;background-color:#f5f8fb;}.root.jsx-1807206759 .image-spinner{width:100%;height:100%;}.root.jsx-1807206759 .image{position:relative;z-index:2;max-height:100%;max-width:100%;}"
    styleId="1807206759"
  />
</div>
`;
