// Jest Snapshot v1, https://goo.gl/fbAQLP

exports[`render() correctly 1`] = `
<div
  className="root"
>
  Â© 2017 
  PUMA STORE
</div>
`;
